Traceback (most recent call last):
  File "/workspace/maskfactory/runtime_artifacts/sam3d_body_runpod_env/lib/python3.11/site-packages/huggingface_hub/utils/_http.py", line 795, in hf_raise_for_status
    response.raise_for_status()
  File "/workspace/maskfactory/runtime_artifacts/sam3d_body_runpod_env/lib/python3.11/site-packages/httpx/_models.py", line 829, in raise_for_status
    raise HTTPStatusError(message, request=request, response=self)
httpx.HTTPStatusError: Client error '401 Unauthorized' for url 'https://huggingface.co/facebook/sam-3d-body-dinov3/resolve/11aaa346c7204874a1cbafe3d39a979080b2c55a/model.ckpt'
For more information check: https://developer.mozilla.org/en-US/docs/Web/HTTP/Status/401

The above exception was the direct cause of the following exception:

Traceback (most recent call last):
  File "/workspace/maskfactory/runtime_artifacts/sam3d_body_bound_asset_recovery_20260725T164500Z_v2_sam3d_runtime_hub/recover_bound_assets.py", line 162, in <module>
    raise SystemExit(main())
                     ^^^^^^
  File "/workspace/maskfactory/runtime_artifacts/sam3d_body_bound_asset_recovery_20260725T164500Z_v2_sam3d_runtime_hub/recover_bound_assets.py", line 110, in main
    hf_hub_download(
  File "/workspace/maskfactory/runtime_artifacts/sam3d_body_runpod_env/lib/python3.11/site-packages/huggingface_hub/utils/_validators.py", line 88, in _inner_fn
    return fn(*args, **kwargs)
           ^^^^^^^^^^^^^^^^^^^
  File "/workspace/maskfactory/runtime_artifacts/sam3d_body_runpod_env/lib/python3.11/site-packages/huggingface_hub/file_download.py", line 992, in hf_hub_download
    return _hf_hub_download_to_local_dir(
           ^^^^^^^^^^^^^^^^^^^^^^^^^^^^^^
  File "/workspace/maskfactory/runtime_artifacts/sam3d_body_runpod_env/lib/python3.11/site-packages/huggingface_hub/file_download.py", line 1366, in _hf_hub_download_to_local_dir
    _raise_on_head_call_error(head_call_error, force_download, local_files_only)
  File "/workspace/maskfactory/runtime_artifacts/sam3d_body_runpod_env/lib/python3.11/site-packages/huggingface_hub/file_download.py", line 1864, in _raise_on_head_call_error
    raise head_call_error
  File "/workspace/maskfactory/runtime_artifacts/sam3d_body_runpod_env/lib/python3.11/site-packages/huggingface_hub/file_download.py", line 1707, in _get_metadata_or_catch_error
    metadata = get_hf_file_metadata(
               ^^^^^^^^^^^^^^^^^^^^^
  File "/workspace/maskfactory/runtime_artifacts/sam3d_body_runpod_env/lib/python3.11/site-packages/huggingface_hub/utils/_validators.py", line 88, in _inner_fn
    return fn(*args, **kwargs)
           ^^^^^^^^^^^^^^^^^^^
  File "/workspace/maskfactory/runtime_artifacts/sam3d_body_runpod_env/lib/python3.11/site-packages/huggingface_hub/file_download.py", line 1615, in get_hf_file_metadata
    response = _httpx_follow_relative_redirects_with_backoff(
               ^^^^^^^^^^^^^^^^^^^^^^^^^^^^^^^^^^^^^^^^^^^^^^
  File "/workspace/maskfactory/runtime_artifacts/sam3d_body_runpod_env/lib/python3.11/site-packages/huggingface_hub/utils/_http.py", line 726, in _httpx_follow_relative_redirects_with_backoff
    hf_raise_for_status(response)
  File "/workspace/maskfactory/runtime_artifacts/sam3d_body_runpod_env/lib/python3.11/site-packages/huggingface_hub/utils/_http.py", line 821, in hf_raise_for_status
    raise _format(GatedRepoError, message, response, repo_type=repo_type, repo_id=repo_id) from e
huggingface_hub.errors.GatedRepoError: 401 Client Error. (Request ID: Root=1-6a64db57-27914d426d8cec8d5f4b7782;5e42c5e2-b31e-48f6-b8d3-e2c90e2c0fae)

Cannot access gated repo for url https://huggingface.co/facebook/sam-3d-body-dinov3/resolve/11aaa346c7204874a1cbafe3d39a979080b2c55a/model.ckpt.
Access to model facebook/sam-3d-body-dinov3 is restricted. You must have access to it and be authenticated to access it. Please log in.
